 WARNING  --no-cache is deprecated and will be removed in a future major version. Use --cache=local:r,remote:r
• turbo 2.7.5
• Packages in scope: web
• Running build in 1 packages
• Remote caching disabled
web:build: cache miss, executing 41826a5df12848f8
web:build: 
web:build: > web@0.1.0 build C:\Users\adder\OneDrive\Documentos\renace\AngelD\b2b-platform\apps\web
web:build: > next build
web:build: 
web:build:   ▲ Next.js 14.2.3
web:build: 
web:build:    Creating an optimized production build ...
web:build:  ✓ Compiled successfully
web:build:    Skipping validation of types
web:build:    Skipping linting
web:build:    Collecting page data ...
web:build: unhandledRejection Error: Cannot find module 'client-only'
web:build: Require stack:
web:build: - C:\Users\adder\OneDrive\Documentos\renace\AngelD\b2b-platform\node_modules\.pnpm\styled-jsx@5.1.1_react@18.3.1\node_modules\styled-jsx\dist\index\index.js
web:build: - C:\Users\adder\OneDrive\Documentos\renace\AngelD\b2b-platform\node_modules\.pnpm\styled-jsx@5.1.1_react@18.3.1\node_modules\styled-jsx\index.js
web:build: - C:\Users\adder\OneDrive\Documentos\renace\AngelD\b2b-platform\node_modules\.pnpm\next@14.2.3_react-dom@18.3.1_react@18.3.1__react@18.3.1\node_modules\next\dist\compiled\next-server\pages.runtime.prod.js
web:build: - C:\Users\adder\OneDrive\Documentos\renace\AngelD\b2b-platform\apps\web\.next\server\pages\_document.js
web:build: - C:\Users\adder\OneDrive\Documentos\renace\AngelD\b2b-platform\node_modules\.pnpm\next@14.2.3_react-dom@18.3.1_react@18.3.1__react@18.3.1\node_modules\next\dist\server\require.js
web:build: - C:\Users\adder\OneDrive\Documentos\renace\AngelD\b2b-platform\node_modules\.pnpm\next@14.2.3_react-dom@18.3.1_react@18.3.1__react@18.3.1\node_modules\next\dist\server\load-components.js
web:build: - C:\Users\adder\OneDrive\Documentos\renace\AngelD\b2b-platform\node_modules\.pnpm\next@14.2.3_react-dom@18.3.1_react@18.3.1__react@18.3.1\node_modules\next\dist\build\utils.js
web:build: - C:\Users\adder\OneDrive\Documentos\renace\AngelD\b2b-platform\node_modules\.pnpm\next@14.2.3_react-dom@18.3.1_react@18.3.1__react@18.3.1\node_modules\next\dist\build\worker.js
web:build: - C:\Users\adder\OneDrive\Documentos\renace\AngelD\b2b-platform\node_modules\.pnpm\next@14.2.3_react-dom@18.3.1_react@18.3.1__react@18.3.1\node_modules\next\dist\compiled\jest-worker\processChild.js
web:build:     at Function.<anonymous> (node:internal/modules/cjs/loader:1225:15)
web:build:     at C:\Users\adder\OneDrive\Documentos\renace\AngelD\b2b-platform\node_modules\.pnpm\next@14.2.3_react-dom@18.3.1_react@18.3.1__react@18.3.1\node_modules\next\dist\server\require-hook.js:55:36
web:build:     at Function._load (node:internal/modules/cjs/loader:1055:27)
web:build:     at TracingChannel.traceSync (node:diagnostics_channel:322:14)
web:build:     at wrapModuleLoad (node:internal/modules/cjs/loader:220:24)
web:build:     at Module.<anonymous> (node:internal/modules/cjs/loader:1311:12)
web:build:     at mod.require (C:\Users\adder\OneDrive\Documentos\renace\AngelD\b2b-platform\node_modules\.pnpm\next@14.2.3_react-dom@18.3.1_react@18.3.1__react@18.3.1\node_modules\next\dist\server\require-hook.js:65:28)
web:build:     at require (node:internal/modules/helpers:136:16)
web:build:     at Object.<anonymous> (C:\Users\adder\OneDrive\Documentos\renace\AngelD\b2b-platform\node_modules\.pnpm\styled-jsx@5.1.1_react@18.3.1\node_modules\styled-jsx\dist\index\index.js:1:1)
web:build:     at Module._compile (node:internal/modules/cjs/loader:1554:14) {
web:build:   type: 'Error',
web:build:   code: 'MODULE_NOT_FOUND',
web:build:   requireStack: [
web:build:     'C:\\Users\\adder\\OneDrive\\Documentos\\renace\\AngelD\\b2b-platform\\node_modules\\.pnpm\\styled-jsx@5.1.1_react@18.3.1\\node_modules\\styled-jsx\\dist\\index\\index.js',
web:build:     'C:\\Users\\adder\\OneDrive\\Documentos\\renace\\AngelD\\b2b-platform\\node_modules\\.pnpm\\styled-jsx@5.1.1_react@18.3.1\\node_modules\\styled-jsx\\index.js',
web:build:     'C:\\Users\\adder\\OneDrive\\Documentos\\renace\\AngelD\\b2b-platform\\node_modules\\.pnpm\\next@14.2.3_react-dom@18.3.1_react@18.3.1__react@18.3.1\\node_modules\\next\\dist\\compiled\\next-server\\pages.runtime.prod.js',
web:build:     'C:\\Users\\adder\\OneDrive\\Documentos\\renace\\AngelD\\b2b-platform\\apps\\web\\.next\\server\\pages\\_document.js',
web:build:     'C:\\Users\\adder\\OneDrive\\Documentos\\renace\\AngelD\\b2b-platform\\node_modules\\.pnpm\\next@14.2.3_react-dom@18.3.1_react@18.3.1__react@18.3.1\\node_modules\\next\\dist\\server\\require.js',
web:build:     'C:\\Users\\adder\\OneDrive\\Documentos\\renace\\AngelD\\b2b-platform\\node_modules\\.pnpm\\next@14.2.3_react-dom@18.3.1_react@18.3.1__react@18.3.1\\node_modules\\next\\dist\\server\\load-components.js',
web:build:     'C:\\Users\\adder\\OneDrive\\Documentos\\renace\\AngelD\\b2b-platform\\node_modules\\.pnpm\\next@14.2.3_react-dom@18.3.1_react@18.3.1__react@18.3.1\\node_modules\\next\\dist\\build\\utils.js',
web:build:     'C:\\Users\\adder\\OneDrive\\Documentos\\renace\\AngelD\\b2b-platform\\node_modules\\.pnpm\\next@14.2.3_react-dom@18.3.1_react@18.3.1__react@18.3.1\\node_modules\\next\\dist\\build\\worker.js',
web:build:     'C:\\Users\\adder\\OneDrive\\Documentos\\renace\\AngelD\\b2b-platform\\node_modules\\.pnpm\\next@14.2.3_react-dom@18.3.1_react@18.3.1__react@18.3.1\\node_modules\\next\\dist\\compiled\\jest-worker\\processChild.js'
web:build:   ]
web:build: }
web:build:  ELIFECYCLE  Command failed with exit code 1.
web:build: ERROR: command finished with error: command (C:\Users\adder\OneDrive\Documentos\renace\AngelD\b2b-platform\apps\web) C:\Users\adder\AppData\Roaming\npm\pnpm.cmd run build exited (1)
web#build: command (C:\Users\adder\OneDrive\Documentos\renace\AngelD\b2b-platform\apps\web) C:\Users\adder\AppData\Roaming\npm\pnpm.cmd run build exited (1)

 Tasks:    0 successful, 1 total
Cached:    0 cached, 1 total
  Time:    1m24.725s 
Failed:    web#build

 ERROR  run failed: command  exited (1)
